// Jest Snapshot v1, https://goo.gl/fbAQLP

exports[`CreateAccountScreen renders correctly 1`] = `
<RNCSafeAreaProvider
  onInsetsChange={[Function]}
  style={
    [
      {
        "flex": 1,
      },
      undefined,
    ]
  }
>
  <RNSScreenStack
    style={
      {
        "flex": 1,
      }
    }
  >
    <RNSScreen
      collapsable={false}
      fullScreenSwipeShadowEnabled={false}
      gestureResponseDistance={
        {
          "bottom": -1,
          "end": -1,
          "start": -1,
          "top": -1,
        }
      }
      hasLargeHeader={false}
      nativeBackButtonDismissalEnabled={false}
      onAppear={[Function]}
      onDisappear={[Function]}
      onDismissed={[Function]}
      onGestureCancel={[Function]}
      onHeaderBackButtonClicked={[Function]}
      onNativeDismissCancelled={[Function]}
      onTransitionProgress={[Function]}
      onWillAppear={[Function]}
      onWillDisappear={[Function]}
      replaceAnimation="push"
      sheetAllowedDetents="large"
      sheetCornerRadius={-1}
      sheetExpandsWhenScrolledToEdge={true}
      sheetGrabberVisible={false}
      sheetLargestUndimmedDetent="all"
      stackPresentation="push"
      style={
        {
          "bottom": 0,
          "left": 0,
          "position": "absolute",
          "right": 0,
          "top": 0,
        }
      }
      swipeDirection="horizontal"
    >
      <View
        accessibilityElementsHidden={false}
        importantForAccessibility="auto"
        style={
          {
            "flex": 1,
            "flexDirection": "column-reverse",
          }
        }
      >
        <View
          collapsable={false}
          style={
            [
              {
                "flex": 1,
              },
              {
                "backgroundColor": "rgb(242, 242, 242)",
              },
              undefined,
            ]
          }
        >
          <RCTSafeAreaView
            style={
              [
                {
                  "backgroundColor": "#fff",
                },
                {
                  "height": 1334,
                },
                {
                  "display": "flex",
                },
              ]
            }
          >
            <View
              style={
                [
                  {
                    "marginTop": 8,
                  },
                  {
                    "marginBottom": 12,
                  },
                  {
                    "marginLeft": 32,
                    "marginRight": 32,
                  },
                ]
              }
            >
              <View
                accessibilityState={
                  {
                    "busy": undefined,
                    "checked": undefined,
                    "disabled": undefined,
                    "expanded": undefined,
                    "selected": undefined,
                  }
                }
                accessibilityValue={
                  {
                    "max": undefined,
                    "min": undefined,
                    "now": undefined,
                    "text": undefined,
                  }
                }
                accessible={true}
                collapsable={false}
                focusable={true}
                onClick={[Function]}
                onResponderGrant={[Function]}
                onResponderMove={[Function]}
                onResponderRelease={[Function]}
                onResponderTerminate={[Function]}
                onResponderTerminationRequest={[Function]}
                onStartShouldSetResponder={[Function]}
                style={
                  {
                    "opacity": 1,
                    "paddingBottom": 8,
                    "paddingLeft": 8,
                    "paddingRight": 8,
                    "paddingTop": 8,
                    "width": 48,
                  }
                }
              >
                <View
                  style={
                    {
                      "overflow": "hidden",
                    }
                  }
                >
                  <View>
                    <View
                      style={
                        {
                          "alignItems": "center",
                          "backgroundColor": "transparent",
                          "justifyContent": "center",
                        }
                      }
                    >
                      <Text />
                    </View>
                  </View>
                </View>
              </View>
            </View>
            <View
              style={
                [
                  {
                    "backgroundColor": "#fff",
                  },
                  {
                    "marginLeft": 40,
                    "marginRight": 40,
                  },
                  {
                    "height": 1334,
                  },
                ]
              }
            >
              <View
                style={
                  [
                    {
                      "display": "flex",
                    },
                    {
                      "justifyContent": "center",
                    },
                    {
                      "alignItems": "center",
                    },
                    {
                      "marginBottom": 40,
                      "marginTop": 40,
                    },
                  ]
                }
              >
                <Text
                  style={
                    [
                      {
                        "fontSize": 36,
                        "lineHeight": 40,
                      },
                      {
                        "fontWeight": "700",
                      },
                      {
                        "color": "#000",
                      },
                      {
                        "textAlign": "center",
                      },
                    ]
                  }
                >
                  CREATE AN ACCOUNT
                </Text>
              </View>
              <View
                style={
                  [
                    {
                      "display": "flex",
                    },
                    {
                      "alignItems": "center",
                    },
                    {
                      "marginBottom": 40,
                    },
                  ]
                }
              >
                <View
                  style={
                    [
                      {
                        "backgroundColor": "#B80238",
                      },
                      {
                        "paddingBottom": 12,
                        "paddingLeft": 12,
                        "paddingRight": 12,
                        "paddingTop": 12,
                      },
                      {
                        "borderBottomLeftRadius": 8,
                        "borderBottomRightRadius": 8,
                        "borderTopLeftRadius": 8,
                        "borderTopRightRadius": 8,
                      },
                      {
                        "width": "100%",
                      },
                    ]
                  }
                >
                  <Text
                    style={
                      [
                        {
                          "color": "#fff",
                        },
                        {
                          "fontSize": 16,
                          "lineHeight": 24,
                        },
                      ]
                    }
                  >
                    You will be able to create an account using a registered email and valid Tenant ID
                  </Text>
                </View>
              </View>
              <View
                style={
                  [
                    {
                      "display": "flex",
                    },
                    {
                      "marginBottom": 40,
                      "marginTop": 40,
                    },
                  ]
                }
              >
                <View
                  style={
                    [
                      {
                        "display": "flex",
                      },
                      {
                        "flexDirection": "row",
                      },
                      {
                        "marginLeft": -8,
                        "marginTop": -8,
                      },
                      {
                        "borderBottomWidth": 1,
                      },
                      {
                        "width": "100%",
                      },
                      {
                        "paddingBottom": 8,
                      },
                      {
                        "marginBottom": 8,
                      },
                    ]
                  }
                >
                  <Image
                    resizeMode="contain"
                    source={1}
                    style={
                      [
                        {
                          "height": 20,
                        },
                        {
                          "width": 20,
                        },
                        [
                          {
                            "marginLeft": 8,
                            "marginTop": 8,
                          },
                        ],
                      ]
                    }
                  />
                  <TextInput
                    autoCapitalize="none"
                    autoComplete="email"
                    keyboardType="email-address"
                    onChangeText={[Function]}
                    placeholder="Registered email address/Tenant ID"
                    returnKeyType="done"
                    style={
                      [
                        {
                          "width": "100%",
                        },
                        [
                          {
                            "marginLeft": 8,
                            "marginTop": 8,
                          },
                        ],
                      ]
                    }
                    textContentType="emailAddress"
                  />
                </View>
              </View>
              <View
                style={
                  [
                    {
                      "display": "flex",
                    },
                    {
                      "alignItems": "center",
                    },
                    {
                      "marginBottom": 40,
                      "marginTop": 40,
                    },
                  ]
                }
              >
                <View
                  accessibilityState={
                    {
                      "busy": undefined,
                      "checked": undefined,
                      "disabled": undefined,
                      "expanded": undefined,
                      "selected": undefined,
                    }
                  }
                  accessibilityValue={
                    {
                      "max": undefined,
                      "min": undefined,
                      "now": undefined,
                      "text": undefined,
                    }
                  }
                  accessible={true}
                  collapsable={false}
                  focusable={true}
                  onClick={[Function]}
                  onResponderGrant={[Function]}
                  onResponderMove={[Function]}
                  onResponderRelease={[Function]}
                  onResponderTerminate={[Function]}
                  onResponderTerminationRequest={[Function]}
                  onStartShouldSetResponder={[Function]}
                  style={
                    {
                      "alignItems": "center",
                      "backgroundColor": "#B80238",
                      "borderBottomLeftRadius": 8,
                      "borderBottomRightRadius": 8,
                      "borderTopLeftRadius": 8,
                      "borderTopRightRadius": 8,
                      "display": "flex",
                      "opacity": 1,
                      "paddingBottom": 12,
                      "paddingLeft": 12,
                      "paddingRight": 12,
                      "paddingTop": 12,
                      "width": "100%",
                    }
                  }
                >
                  <Text
                    style={
                      [
                        {
                          "color": "#fff",
                        },
                        {
                          "textTransform": "uppercase",
                        },
                        {
                          "fontWeight": "500",
                        },
                      ]
                    }
                  >
                    Next
                  </Text>
                </View>
              </View>
              <View
                style={
                  [
                    {
                      "position": "relative",
                    },
                    {
                      "display": "flex",
                    },
                    {
                      "alignItems": "center",
                    },
                  ]
                }
              >
                <View
                  style={
                    [
                      {
                        "backgroundColor": "#fff",
                      },
                      {
                        "borderBottomLeftRadius": 9999,
                        "borderBottomRightRadius": 9999,
                        "borderTopLeftRadius": 9999,
                        "borderTopRightRadius": 9999,
                      },
                      {
                        "height": 48,
                      },
                      {
                        "width": 48,
                      },
                      {
                        "position": "absolute",
                      },
                      {
                        "zIndex": 30,
                      },
                      {
                        "top": -8,
                      },
                      {
                        "marginLeft": "auto",
                        "marginRight": "auto",
                      },
                      {
                        "display": "flex",
                      },
                      {
                        "alignItems": "center",
                      },
                    ]
                  }
                >
                  <Text
                    style={
                      [
                        {
                          "color": "rgba(0, 0, 0, 0.5)",
                        },
                      ]
                    }
                  >
                    OR
                  </Text>
                </View>
                <View
                  style={
                    [
                      {
                        "borderBottomColor": "rgba(0, 0, 0, 0.2)",
                        "borderLeftColor": "rgba(0, 0, 0, 0.2)",
                        "borderRightColor": "rgba(0, 0, 0, 0.2)",
                        "borderTopColor": "rgba(0, 0, 0, 0.2)",
                      },
                      {
                        "borderBottomWidth": 1,
                        "borderLeftWidth": 1,
                        "borderRightWidth": 1,
                        "borderTopWidth": 1,
                      },
                      {
                        "width": "100%",
                      },
                      {
                        "borderStyle": "solid",
                      },
                    ]
                  }
                />
              </View>
              <View
                style={
                  [
                    {
                      "display": "flex",
                    },
                    {
                      "alignItems": "center",
                    },
                    {
                      "marginBottom": 56,
                      "marginTop": 56,
                    },
                  ]
                }
              >
                <View>
                  <Text
                    style={
                      [
                        {
                          "textAlign": "center",
                        },
                        {
                          "fontWeight": "500",
                        },
                      ]
                    }
                  >
                    Already have an account
                  </Text>
                </View>
                <View
                  style={
                    [
                      {
                        "marginTop": 28,
                      },
                    ]
                  }
                >
                  <View
                    accessibilityState={
                      {
                        "busy": undefined,
                        "checked": undefined,
                        "disabled": undefined,
                        "expanded": undefined,
                        "selected": undefined,
                      }
                    }
                    accessibilityValue={
                      {
                        "max": undefined,
                        "min": undefined,
                        "now": undefined,
                        "text": undefined,
                      }
                    }
                    accessible={true}
                    collapsable={false}
                    focusable={true}
                    onClick={[Function]}
                    onResponderGrant={[Function]}
                    onResponderMove={[Function]}
                    onResponderRelease={[Function]}
                    onResponderTerminate={[Function]}
                    onResponderTerminationRequest={[Function]}
                    onStartShouldSetResponder={[Function]}
                    style={
                      {
                        "borderBottomColor": "#000",
                        "borderBottomWidth": 1,
                        "borderLeftColor": "#000",
                        "borderRightColor": "#000",
                        "borderStyle": "solid",
                        "borderTopColor": "#000",
                        "opacity": 1,
                        "paddingBottom": 4,
                      }
                    }
                  >
                    <Text
                      style={
                        [
                          {
                            "fontWeight": "500",
                          },
                        ]
                      }
                    >
                      Log in here
                    </Text>
                  </View>
                </View>
              </View>
            </View>
          </RCTSafeAreaView>
        </View>
      </View>
      <RNSScreenStackHeaderConfig
        backButtonInCustomView={false}
        backTitleVisible={true}
        backgroundColor="rgb(255, 255, 255)"
        color="rgb(0, 122, 255)"
        direction="ltr"
        disableBackButtonMenu={false}
        hidden={false}
        hideBackButton={false}
        largeTitleHideShadow={false}
        title="CreateAccount"
        titleColor="rgb(28, 28, 30)"
        topInsetEnabled={false}
        translucent={false}
      />
    </RNSScreen>
  </RNSScreenStack>
</RNCSafeAreaProvider>
`;
